[debug] [2026-10-08T09:27:59.591Z] ----------------------------------------------------------------------
[debug] [2026-10-08T09:27:59.593Z] Command:       C:\Program Files\nodejs\node.exe C:\Users\HP\AppData\Roaming\npm\node_modules\firebase-tools\lib\bin\firebase.js deploy --only hosting
[debug] [2026-10-08T09:27:59.593Z] CLI Version:   15.27.0
[debug] [2026-10-08T09:27:59.594Z] Platform:      win32
[debug] [2026-10-08T09:27:59.594Z] Node Version:  v24.18.0
[debug] [2026-10-08T09:27:59.594Z] Detected Agent: unknown
[debug] [2026-10-08T09:27:59.594Z] Time:          Thu Oct 08 2026 14:57:59 GMT+0530 (India Standard Time)
[debug] [2026-10-08T09:27:59.594Z] ----------------------------------------------------------------------
[debug] 
[debug] [2026-10-08T09:28:01.359Z] > command requires scopes: ["email","openid","https://www.googleapis.com/auth/cloudplatformprojects.readonly","https://www.googleapis.com/auth/firebase","https://www.googleapis.com/auth/cloud-platform"]
[debug] [2026-10-08T09:28:01.359Z] > authorizing via signed-in user (kumbharbhushan27@gmail.com)
[debug] [2026-10-08T09:28:01.360Z] [iam] checking project travalbuddy for permissions ["firebase.projects.get","firebasehosting.sites.update"]
[debug] [2026-10-08T09:28:01.374Z] Checked if tokens are valid: true, expires at: 1791454179499
[debug] [2026-10-08T09:28:01.374Z] Checked if tokens are valid: true, expires at: 1791454179499
[debug] [2026-10-08T09:28:01.375Z] >>> [apiv2][query] POST https://cloudresourcemanager.googleapis.com/v1/projects/travalbuddy:testIamPermissions [none]
[debug] [2026-10-08T09:28:01.375Z] >>> [apiv2][(partial)header] POST https://cloudresourcemanager.googleapis.com/v1/projects/travalbuddy:testIamPermissions  x-goog-user-project=travalbuddy
[debug] [2026-10-08T09:28:01.375Z] >>> [apiv2][body] POST https://cloudresourcemanager.googleapis.com/v1/projects/travalbuddy:testIamPermissions {"permissions":["firebase.projects.get","firebasehosting.sites.update"]}
[debug] [2026-10-08T09:28:03.367Z] <<< [apiv2][status] POST https://cloudresourcemanager.googleapis.com/v1/projects/travalbuddy:testIamPermissions 200
[debug] [2026-10-08T09:28:03.368Z] <<< [apiv2][body] POST https://cloudresourcemanager.googleapis.com/v1/projects/travalbuddy:testIamPermissions {"permissions":["firebase.projects.get","firebasehosting.sites.update"]}
[debug] [2026-10-08T09:28:03.376Z] Checked if tokens are valid: true, expires at: 1791454179499
[debug] [2026-10-08T09:28:03.380Z] Checked if tokens are valid: true, expires at: 1791454179499
[debug] [2026-10-08T09:28:03.382Z] >>> [apiv2][query] GET https://firebase.googleapis.com/v1beta1/projects/travalbuddy [none]
[debug] [2026-10-08T09:28:04.336Z] <<< [apiv2][status] GET https://firebase.googleapis.com/v1beta1/projects/travalbuddy 200
[debug] [2026-10-08T09:28:04.337Z] <<< [apiv2][body] GET https://firebase.googleapis.com/v1beta1/projects/travalbuddy {"projectId":"travalbuddy","projectNumber":"268106005436","displayName":"CarryParcel","name":"projects/travalbuddy","resources":{"hostingSite":"travalbuddy"},"state":"ACTIVE","labels":{"firebase":"enabled"},"etag":"1_88f9b9fc-ae50-499c-b459-b5a97e7f5b2a"}
[info] 
[info] === Deploying to 'travalbuddy'...
[info] 
[info] i  deploying hosting 
[debug] [2026-10-08T09:28:04.342Z] Checked if tokens are valid: true, expires at: 1791454179499
[debug] [2026-10-08T09:28:04.343Z] Checked if tokens are valid: true, expires at: 1791454179499
[debug] [2026-10-08T09:28:04.343Z] >>> [apiv2][query] GET https://firebasehosting.googleapis.com/v1beta1/projects/travalbuddy/sites/travalbuddy [none]
[debug] [2026-10-08T09:28:05.902Z] <<< [apiv2][status] GET https://firebasehosting.googleapis.com/v1beta1/projects/travalbuddy/sites/travalbuddy 200
[debug] [2026-10-08T09:28:05.902Z] <<< [apiv2][body] GET https://firebasehosting.googleapis.com/v1beta1/projects/travalbuddy/sites/travalbuddy {"name":"projects/travalbuddy/sites/travalbuddy","defaultUrl":"https://travalbuddy.web.app","appId":"1:268106005436:web:c6cb7f02046f3f823989b9","type":"DEFAULT_SITE"}
[debug] [2026-10-08T09:28:05.908Z] Checked if tokens are valid: true, expires at: 1791454179499
[debug] [2026-10-08T09:28:05.908Z] Checked if tokens are valid: true, expires at: 1791454179499
[debug] [2026-10-08T09:28:05.909Z] >>> [apiv2][query] POST https://firebasehosting.googleapis.com/v1beta1/projects/-/sites/travalbuddy/versions [none]
[debug] [2026-10-08T09:28:05.909Z] >>> [apiv2][body] POST https://firebasehosting.googleapis.com/v1beta1/projects/-/sites/travalbuddy/versions {"status":"CREATED","labels":{"deployment-tool":"cli-firebase"}}
[debug] [2026-10-08T09:28:07.297Z] <<< [apiv2][status] POST https://firebasehosting.googleapis.com/v1beta1/projects/-/sites/travalbuddy/versions 200
